
> maven-projects@0.1.0 build
> next build

node.exe : ΓÜá Warning: Next.js inferred your workspace root, but it may not be correct.
At line:1 char:1
+ & "C:\Program Files\nodejs/node.exe" "C:\Program Files\nodejs/node_mo ...
+ ~~~~~~~~~~~~~~~~~~~~~~~~~~~~~~~~~~~~~~~~~~~~~~~~~~~~~~~~~~~~~~~~~~~~~
    + CategoryInfo          : NotSpecified: (ΓÜá Warning: Ne...not be correct.:String) [], RemoteException
    + FullyQualifiedErrorId : NativeCommandError
 
 We detected multiple lockfiles and selected the directory of C:\Users\ASUS\package-lock.json as the root directory.
 To silence this warning, set `turbopack.root` in your Next.js config, or consider removing one of the lockfiles if 
it's not needed.
   See https://nextjs.org/docs/app/api-reference/config/next-config-js/turbopack#root-directory for more information.
 Detected additional lockfiles: 
   * C:\Users\ASUS\Documents\GitHub\maven\pnpm-lock.yaml

Γû▓ Next.js 16.2.2 (Turbopack)

  Creating an optimized production build ...

> Build error occurred
Error: Turbopack build failed with 17 errors:
./Documents/GitHub/maven/src/components/admin/ProjectForm.tsx:5:1
Module not found: Can't resolve '@hookform/resolvers/zod'
  [90m3 |[0m [36mimport[0m [33mReact[0m [36mfrom[0m [32m"react"[0m;
  [90m4 |[0m [36mimport[0m { useForm } [36mfrom[0m [32m"react-hook-form"[0m;
[31m[1m>[0m [90m5 |[0m [36mimport[0m { zodResolver } [36mfrom[0m [32m"@hookform/resolvers/zod"[0m;
  [90m  |[0m [31m[1m^^^^^^^^^^^^^^^^^^^^^^^^^^^^^^^^^^^^^^^^^^^^^^^^^^^^^^[0m
  [90m6 |[0m [36mimport[0m * [36mas[0m z [36mfrom[0m [32m"zod"[0m;
  [90m7 |[0m [36mimport[0m { 
  [90m8 |[0m   [33mUpload[0m,



Import traces:
  Client Component Browser:
    ./Documents/GitHub/maven/src/components/admin/ProjectForm.tsx [Client Component Browser]
    ./Documents/GitHub/maven/src/app/admin/projects/page.tsx [Client Component Browser]
    ./Documents/GitHub/maven/src/app/admin/projects/page.tsx [Server Component]

  Client Component SSR:
    ./Documents/GitHub/maven/src/components/admin/ProjectForm.tsx [Client Component SSR]
    ./Documents/GitHub/maven/src/app/admin/projects/page.tsx [Client Component SSR]
    ./Documents/GitHub/maven/src/app/admin/projects/page.tsx [Server Component]

https://nextjs.org/docs/messages/module-not-found


./Documents/GitHub/maven/src/app/admin/page.tsx:24:1
Export CardDescription doesn't exist in target module
  [90m22 |[0m ...[36mt[0m [33mAdminLayout[0m [36mfrom[0m [32m"@/components/admin/AdminLayout"[0m;
  [90m23 |[0m ...[36mt[0m [33mSummaryCards[0m [36mfrom[0m [32m"@/components/admin/SummaryCards"[0m;
[31m[1m>[0m [90m24 |[0m ...[36mt[0m { [33mCard[0m, [33mCardContent[0m, [33mCardHeader[0m, 
[33mCardTitle[0m, [33mCardDescription[0m } [36mfrom[0m [32m"@/components/ui/c...[0m
  [90m   |[0m    
[31m[1m^^^^^^^^^^^^^^^^^^^^^^^^^^^^^^^^^^^^^^^^^^^^^^^^^^^^^^^^^^^^^^^^^^^^^^^^^^^^^^^^^^^^^^^^^^[0m
  [90m25 |[0m ...[36mt[0m { [33mButton[0m } [36mfrom[0m [32m"@/components/ui/button"[0m;
  [90m26 |[0m ...[36mt[0m { [33mBadge[0m } [36mfrom[0m [32m"@/components/ui/badge"[0m;
  [90m27 |[0m ...

The export CardDescription was not found in module [project]/Documents/GitHub/maven/src/components/ui/card.tsx 
[app-client] (ecmascript).
Did you mean to import Card?
All exports of the module are statically known (It doesn't have dynamic exports). So it's known statically that the 
requested export doesn't exist.

Import traces:
  Client Component Browser:
    ./Documents/GitHub/maven/src/app/admin/page.tsx [Client Component Browser]
    ./Documents/GitHub/maven/src/app/admin/page.tsx [Server Component]

  Client Component SSR:
    ./Documents/GitHub/maven/src/app/admin/page.tsx [Client Component SSR]
    ./Documents/GitHub/maven/src/app/admin/page.tsx [Server Component]


./Documents/GitHub/maven/src/app/admin/page.tsx:24:1
Export CardDescription doesn't exist in target module
  [90m22 |[0m ...[36mt[0m [33mAdminLayout[0m [36mfrom[0m [32m"@/components/admin/AdminLayout"[0m;
  [90m23 |[0m ...[36mt[0m [33mSummaryCards[0m [36mfrom[0m [32m"@/components/admin/SummaryCards"[0m;
[31m[1m>[0m [90m24 |[0m ...[36mt[0m { [33mCard[0m, [33mCardContent[0m, [33mCardHeader[0m, 
[33mCardTitle[0m, [33mCardDescription[0m } [36mfrom[0m [32m"@/components/ui/c...[0m
  [90m   |[0m    
[31m[1m^^^^^^^^^^^^^^^^^^^^^^^^^^^^^^^^^^^^^^^^^^^^^^^^^^^^^^^^^^^^^^^^^^^^^^^^^^^^^^^^^^^^^^^^^^[0m
  [90m25 |[0m ...[36mt[0m { [33mButton[0m } [36mfrom[0m [32m"@/components/ui/button"[0m;
  [90m26 |[0m ...[36mt[0m { [33mBadge[0m } [36mfrom[0m [32m"@/components/ui/badge"[0m;
  [90m27 |[0m ...

The export CardDescription was not found in module [project]/Documents/GitHub/maven/src/components/ui/card.tsx 
[app-ssr] (ecmascript).
Did you mean to import Card?
All exports of the module are statically known (It doesn't have dynamic exports). So it's known statically that the 
requested export doesn't exist.

Import traces:
  Client Component Browser:
    ./Documents/GitHub/maven/src/app/admin/page.tsx [Client Component Browser]
    ./Documents/GitHub/maven/src/app/admin/page.tsx [Server Component]

  Client Component SSR:
    ./Documents/GitHub/maven/src/app/admin/page.tsx [Client Component SSR]
    ./Documents/GitHub/maven/src/app/admin/page.tsx [Server Component]


./Documents/GitHub/maven/src/app/admin/settings/page.tsx:22:1
Export CardDescription doesn't exist in target module
  [90m20 |[0m ...[36mt[0m { [33mLabel[0m } [36mfrom[0m [32m"@/components/ui/label"[0m;
  [90m21 |[0m ...[36mt[0m { [33mTabs[0m, [33mTabsContent[0m, [33mTabsList[0m, [33mTabsTrigger[0m } 
[36mfrom[0m [32m"@/components/ui/tabs"[0m;
[31m[1m>[0m [90m22 |[0m ...[36mt[0m { [33mCard[0m, [33mCardContent[0m, [33mCardDescription[0m, 
[33mCardHeader[0m, [33mCardTitle[0m } [36mfrom[0m [32m"@/components/ui/c...[0m
  [90m   |[0m    
[31m[1m^^^^^^^^^^^^^^^^^^^^^^^^^^^^^^^^^^^^^^^^^^^^^^^^^^^^^^^^^^^^^^^^^^^^^^^^^^^^^^^^^^^^^^^^^^[0m
  [90m23 |[0m ...[36mt[0m { [33mCheckbox[0m } [36mfrom[0m [32m"@/components/ui/checkbox"[0m;
  [90m24 |[0m ...
  [90m25 |[0m ...[36mt[0m [36mdefault[0m [36mfunction[0m [33mSettingsPage[0m() {

The export CardDescription was not found in module [project]/Documents/GitHub/maven/src/components/ui/card.tsx 
[app-client] (ecmascript).
Did you mean to import Card?
All exports of the module are statically known (It doesn't have dynamic exports). So it's known statically that the 
requested export doesn't exist.

Import traces:
  Client Component Browser:
    ./Documents/GitHub/maven/src/app/admin/settings/page.tsx [Client Component Browser]
    ./Documents/GitHub/maven/src/app/admin/settings/page.tsx [Server Component]

  Client Component SSR:
    ./Documents/GitHub/maven/src/app/admin/settings/page.tsx [Client Component SSR]
    ./Documents/GitHub/maven/src/app/admin/settings/page.tsx [Server Component]


./Documents/GitHub/maven/src/app/admin/settings/page.tsx:22:1
Export CardDescription doesn't exist in target module
  [90m20 |[0m ...[36mt[0m { [33mLabel[0m } [36mfrom[0m [32m"@/components/ui/label"[0m;
  [90m21 |[0m ...[36mt[0m { [33mTabs[0m, [33mTabsContent[0m, [33mTabsList[0m, [33mTabsTrigger[0m } 
[36mfrom[0m [32m"@/components/ui/tabs"[0m;
[31m[1m>[0m [90m22 |[0m ...[36mt[0m { [33mCard[0m, [33mCardContent[0m, [33mCardDescription[0m, 
[33mCardHeader[0m, [33mCardTitle[0m } [36mfrom[0m [32m"@/components/ui/c...[0m
  [90m   |[0m    
[31m[1m^^^^^^^^^^^^^^^^^^^^^^^^^^^^^^^^^^^^^^^^^^^^^^^^^^^^^^^^^^^^^^^^^^^^^^^^^^^^^^^^^^^^^^^^^^[0m
  [90m23 |[0m ...[36mt[0m { [33mCheckbox[0m } [36mfrom[0m [32m"@/components/ui/checkbox"[0m;
  [90m24 |[0m ...
  [90m25 |[0m ...[36mt[0m [36mdefault[0m [36mfunction[0m [33mSettingsPage[0m() {

The export CardDescription was not found in module [project]/Documents/GitHub/maven/src/components/ui/card.tsx 
[app-ssr] (ecmascript).
Did you mean to import Card?
All exports of the module are statically known (It doesn't have dynamic exports). So it's known statically that the 
requested export doesn't exist.

Import traces:
  Client Component Browser:
    ./Documents/GitHub/maven/src/app/admin/settings/page.tsx [Client Component Browser]
    ./Documents/GitHub/maven/src/app/admin/settings/page.tsx [Server Component]

  Client Component SSR:
    ./Documents/GitHub/maven/src/app/admin/settings/page.tsx [Client Component SSR]
    ./Documents/GitHub/maven/src/app/admin/settings/page.tsx [Server Component]


./Documents/GitHub/maven/src/app/admin/page.tsx:24:1
Export CardHeader doesn't exist in target module
  [90m22 |[0m ...[36mt[0m [33mAdminLayout[0m [36mfrom[0m [32m"@/components/admin/AdminLayout"[0m;
  [90m23 |[0m ...[36mt[0m [33mSummaryCards[0m [36mfrom[0m [32m"@/components/admin/SummaryCards"[0m;
[31m[1m>[0m [90m24 |[0m ...[36mt[0m { [33mCard[0m, [33mCardContent[0m, [33mCardHeader[0m, 
[33mCardTitle[0m, [33mCardDescription[0m } [36mfrom[0m [32m"@/components/ui/c...[0m
  [90m   |[0m    
[31m[1m^^^^^^^^^^^^^^^^^^^^^^^^^^^^^^^^^^^^^^^^^^^^^^^^^^^^^^^^^^^^^^^^^^^^^^^^^^^^^^^^^^^^^^^^^^[0m
  [90m25 |[0m ...[36mt[0m { [33mButton[0m } [36mfrom[0m [32m"@/components/ui/button"[0m;
  [90m26 |[0m ...[36mt[0m { [33mBadge[0m } [36mfrom[0m [32m"@/components/ui/badge"[0m;
  [90m27 |[0m ...

The export CardHeader was not found in module [project]/Documents/GitHub/maven/src/components/ui/card.tsx [app-client] 
(ecmascript).
Did you mean to import Card?
All exports of the module are statically known (It doesn't have dynamic exports). So it's known statically that the 
requested export doesn't exist.

Import traces:
  Client Component Browser:
    ./Documents/GitHub/maven/src/app/admin/page.tsx [Client Component Browser]
    ./Documents/GitHub/maven/src/app/admin/page.tsx [Server Component]

  Client Component SSR:
    ./Documents/GitHub/maven/src/app/admin/page.tsx [Client Component SSR]
    ./Documents/GitHub/maven/src/app/admin/page.tsx [Server Component]


./Documents/GitHub/maven/src/app/admin/page.tsx:24:1
Export CardHeader doesn't exist in target module
  [90m22 |[0m ...[36mt[0m [33mAdminLayout[0m [36mfrom[0m [32m"@/components/admin/AdminLayout"[0m;
  [90m23 |[0m ...[36mt[0m [33mSummaryCards[0m [36mfrom[0m [32m"@/components/admin/SummaryCards"[0m;
[31m[1m>[0m [90m24 |[0m ...[36mt[0m { [33mCard[0m, [33mCardContent[0m, [33mCardHeader[0m, 
[33mCardTitle[0m, [33mCardDescription[0m } [36mfrom[0m [32m"@/components/ui/c...[0m
  [90m   |[0m    
[31m[1m^^^^^^^^^^^^^^^^^^^^^^^^^^^^^^^^^^^^^^^^^^^^^^^^^^^^^^^^^^^^^^^^^^^^^^^^^^^^^^^^^^^^^^^^^^[0m
  [90m25 |[0m ...[36mt[0m { [33mButton[0m } [36mfrom[0m [32m"@/components/ui/button"[0m;
  [90m26 |[0m ...[36mt[0m { [33mBadge[0m } [36mfrom[0m [32m"@/components/ui/badge"[0m;
  [90m27 |[0m ...

The export CardHeader was not found in module [project]/Documents/GitHub/maven/src/components/ui/card.tsx [app-ssr] 
(ecmascript).
Did you mean to import Card?
All exports of the module are statically known (It doesn't have dynamic exports). So it's known statically that the 
requested export doesn't exist.

Import traces:
  Client Component Browser:
    ./Documents/GitHub/maven/src/app/admin/page.tsx [Client Component Browser]
    ./Documents/GitHub/maven/src/app/admin/page.tsx [Server Component]

  Client Component SSR:
    ./Documents/GitHub/maven/src/app/admin/page.tsx [Client Component SSR]
    ./Documents/GitHub/maven/src/app/admin/page.tsx [Server Component]


./Documents/GitHub/maven/src/app/admin/settings/page.tsx:22:1
Export CardHeader doesn't exist in target module
  [90m20 |[0m ...[36mt[0m { [33mLabel[0m } [36mfrom[0m [32m"@/components/ui/label"[0m;
  [90m21 |[0m ...[36mt[0m { [33mTabs[0m, [33mTabsContent[0m, [33mTabsList[0m, [33mTabsTrigger[0m } 
[36mfrom[0m [32m"@/components/ui/tabs"[0m;
[31m[1m>[0m [90m22 |[0m ...[36mt[0m { [33mCard[0m, [33mCardContent[0m, [33mCardDescription[0m, 
[33mCardHeader[0m, [33mCardTitle[0m } [36mfrom[0m [32m"@/components/ui/c...[0m
  [90m   |[0m    
[31m[1m^^^^^^^^^^^^^^^^^^^^^^^^^^^^^^^^^^^^^^^^^^^^^^^^^^^^^^^^^^^^^^^^^^^^^^^^^^^^^^^^^^^^^^^^^^[0m
  [90m23 |[0m ...[36mt[0m { [33mCheckbox[0m } [36mfrom[0m [32m"@/components/ui/checkbox"[0m;
  [90m24 |[0m ...
  [90m25 |[0m ...[36mt[0m [36mdefault[0m [36mfunction[0m [33mSettingsPage[0m() {

The export CardHeader was not found in module [project]/Documents/GitHub/maven/src/components/ui/card.tsx [app-client] 
(ecmascript).
Did you mean to import Card?
All exports of the module are statically known (It doesn't have dynamic exports). So it's known statically that the 
requested export doesn't exist.

Import traces:
  Client Component Browser:
    ./Documents/GitHub/maven/src/app/admin/settings/page.tsx [Client Component Browser]
    ./Documents/GitHub/maven/src/app/admin/settings/page.tsx [Server Component]

  Client Component SSR:
    ./Documents/GitHub/maven/src/app/admin/settings/page.tsx [Client Component SSR]
    ./Documents/GitHub/maven/src/app/admin/settings/page.tsx [Server Component]


./Documents/GitHub/maven/src/app/admin/settings/page.tsx:22:1
Export CardHeader doesn't exist in target module
  [90m20 |[0m ...[36mt[0m { [33mLabel[0m } [36mfrom[0m [32m"@/components/ui/label"[0m;
  [90m21 |[0m ...[36mt[0m { [33mTabs[0m, [33mTabsContent[0m, [33mTabsList[0m, [33mTabsTrigger[0m } 
[36mfrom[0m [32m"@/components/ui/tabs"[0m;
[31m[1m>[0m [90m22 |[0m ...[36mt[0m { [33mCard[0m, [33mCardContent[0m, [33mCardDescription[0m, 
[33mCardHeader[0m, [33mCardTitle[0m } [36mfrom[0m [32m"@/components/ui/c...[0m
  [90m   |[0m    
[31m[1m^^^^^^^^^^^^^^^^^^^^^^^^^^^^^^^^^^^^^^^^^^^^^^^^^^^^^^^^^^^^^^^^^^^^^^^^^^^^^^^^^^^^^^^^^^[0m
  [90m23 |[0m ...[36mt[0m { [33mCheckbox[0m } [36mfrom[0m [32m"@/components/ui/checkbox"[0m;
  [90m24 |[0m ...
  [90m25 |[0m ...[36mt[0m [36mdefault[0m [36mfunction[0m [33mSettingsPage[0m() {

The export CardHeader was not found in module [project]/Documents/GitHub/maven/src/components/ui/card.tsx [app-ssr] 
(ecmascript).
Did you mean to import Card?
All exports of the module are statically known (It doesn't have dynamic exports). So it's known statically that the 
requested export doesn't exist.

Import traces:
  Client Component Browser:
    ./Documents/GitHub/maven/src/app/admin/settings/page.tsx [Client Component Browser]
    ./Documents/GitHub/maven/src/app/admin/settings/page.tsx [Server Component]

  Client Component SSR:
    ./Documents/GitHub/maven/src/app/admin/settings/page.tsx [Client Component SSR]
    ./Documents/GitHub/maven/src/app/admin/settings/page.tsx [Server Component]


./Documents/GitHub/maven/src/components/admin/SummaryCards.tsx:12:1
Export CardHeader doesn't exist in target module
  [90m10 |[0m   [33mDollarSign[0m 
  [90m11 |[0m } [36mfrom[0m [32m"lucide-react"[0m;
[31m[1m>[0m [90m12 |[0m [36mimport[0m { [33mCard[0m, [33mCardContent[0m, [33mCardHeader[0m, 
[33mCardTitle[0m } [36mfrom[0m [32m"@/components/ui/card"[0m;
  [90m   |[0m [31m[1m^^^^^^^^^^^^^^^^^^^^^^^^^^^^^^^^^^^^^^^^^^^^^^^^^^^^^^^^^^^^^^^^^^^^^^^^^^^^^^^^[0m
  [90m13 |[0m [36mimport[0m { cn } [36mfrom[0m [32m"@/lib/utils"[0m;
  [90m14 |[0m
  [90m15 |[0m [36mconst[0m stats = [

The export CardHeader was not found in module [project]/Documents/GitHub/maven/src/components/ui/card.tsx [app-client] 
(ecmascript).
Did you mean to import Card?
All exports of the module are statically known (It doesn't have dynamic exports). So it's known statically that the 
requested export doesn't exist.

Import traces:
  Client Component Browser:
    ./Documents/GitHub/maven/src/components/admin/SummaryCards.tsx [Client Component Browser]
    ./Documents/GitHub/maven/src/app/admin/page.tsx [Client Component Browser]
    ./Documents/GitHub/maven/src/app/admin/page.tsx [Server Component]

  Client Component SSR:
    ./Documents/GitHub/maven/src/components/admin/SummaryCards.tsx [Client Component SSR]
    ./Documents/GitHub/maven/src/app/admin/page.tsx [Client Component SSR]
    ./Documents/GitHub/maven/src/app/admin/page.tsx [Server Component]


./Documents/GitHub/maven/src/components/admin/SummaryCards.tsx:12:1
Export CardHeader doesn't exist in target module
  [90m10 |[0m   [33mDollarSign[0m 
  [90m11 |[0m } [36mfrom[0m [32m"lucide-react"[0m;
[31m[1m>[0m [90m12 |[0m [36mimport[0m { [33mCard[0m, [33mCardContent[0m, [33mCardHeader[0m, 
[33mCardTitle[0m } [36mfrom[0m [32m"@/components/ui/card"[0m;
  [90m   |[0m [31m[1m^^^^^^^^^^^^^^^^^^^^^^^^^^^^^^^^^^^^^^^^^^^^^^^^^^^^^^^^^^^^^^^^^^^^^^^^^^^^^^^^[0m
  [90m13 |[0m [36mimport[0m { cn } [36mfrom[0m [32m"@/lib/utils"[0m;
  [90m14 |[0m
  [90m15 |[0m [36mconst[0m stats = [

The export CardHeader was not found in module [project]/Documents/GitHub/maven/src/components/ui/card.tsx [app-ssr] 
(ecmascript).
Did you mean to import Card?
All exports of the module are statically known (It doesn't have dynamic exports). So it's known statically that the 
requested export doesn't exist.

Import traces:
  Client Component Browser:
    ./Documents/GitHub/maven/src/components/admin/SummaryCards.tsx [Client Component Browser]
    ./Documents/GitHub/maven/src/app/admin/page.tsx [Client Component Browser]
    ./Documents/GitHub/maven/src/app/admin/page.tsx [Server Component]

  Client Component SSR:
    ./Documents/GitHub/maven/src/components/admin/SummaryCards.tsx [Client Component SSR]
    ./Documents/GitHub/maven/src/app/admin/page.tsx [Client Component SSR]
    ./Documents/GitHub/maven/src/app/admin/page.tsx [Server Component]


./Documents/GitHub/maven/src/app/admin/page.tsx:24:1
Export CardTitle doesn't exist in target module
  [90m22 |[0m ...[36mt[0m [33mAdminLayout[0m [36mfrom[0m [32m"@/components/admin/AdminLayout"[0m;
  [90m23 |[0m ...[36mt[0m [33mSummaryCards[0m [36mfrom[0m [32m"@/components/admin/SummaryCards"[0m;
[31m[1m>[0m [90m24 |[0m ...[36mt[0m { [33mCard[0m, [33mCardContent[0m, [33mCardHeader[0m, 
[33mCardTitle[0m, [33mCardDescription[0m } [36mfrom[0m [32m"@/components/ui/c...[0m
  [90m   |[0m    
[31m[1m^^^^^^^^^^^^^^^^^^^^^^^^^^^^^^^^^^^^^^^^^^^^^^^^^^^^^^^^^^^^^^^^^^^^^^^^^^^^^^^^^^^^^^^^^^[0m
  [90m25 |[0m ...[36mt[0m { [33mButton[0m } [36mfrom[0m [32m"@/components/ui/button"[0m;
  [90m26 |[0m ...[36mt[0m { [33mBadge[0m } [36mfrom[0m [32m"@/components/ui/badge"[0m;
  [90m27 |[0m ...

The export CardTitle was not found in module [project]/Documents/GitHub/maven/src/components/ui/card.tsx [app-client] 
(ecmascript).
Did you mean to import Card?
All exports of the module are statically known (It doesn't have dynamic exports). So it's known statically that the 
requested export doesn't exist.

Import traces:
  Client Component Browser:
    ./Documents/GitHub/maven/src/app/admin/page.tsx [Client Component Browser]
    ./Documents/GitHub/maven/src/app/admin/page.tsx [Server Component]

  Client Component SSR:
    ./Documents/GitHub/maven/src/app/admin/page.tsx [Client Component SSR]
    ./Documents/GitHub/maven/src/app/admin/page.tsx [Server Component]


./Documents/GitHub/maven/src/app/admin/page.tsx:24:1
Export CardTitle doesn't exist in target module
  [90m22 |[0m ...[36mt[0m [33mAdminLayout[0m [36mfrom[0m [32m"@/components/admin/AdminLayout"[0m;
  [90m23 |[0m ...[36mt[0m [33mSummaryCards[0m [36mfrom[0m [32m"@/components/admin/SummaryCards"[0m;
[31m[1m>[0m [90m24 |[0m ...[36mt[0m { [33mCard[0m, [33mCardContent[0m, [33mCardHeader[0m, 
[33mCardTitle[0m, [33mCardDescription[0m } [36mfrom[0m [32m"@/components/ui/c...[0m
  [90m   |[0m    
[31m[1m^^^^^^^^^^^^^^^^^^^^^^^^^^^^^^^^^^^^^^^^^^^^^^^^^^^^^^^^^^^^^^^^^^^^^^^^^^^^^^^^^^^^^^^^^^[0m
  [90m25 |[0m ...[36mt[0m { [33mButton[0m } [36mfrom[0m [32m"@/components/ui/button"[0m;
  [90m26 |[0m ...[36mt[0m { [33mBadge[0m } [36mfrom[0m [32m"@/components/ui/badge"[0m;
  [90m27 |[0m ...

The export CardTitle was not found in module [project]/Documents/GitHub/maven/src/components/ui/card.tsx [app-ssr] 
(ecmascript).
Did you mean to import Card?
All exports of the module are statically known (It doesn't have dynamic exports). So it's known statically that the 
requested export doesn't exist.

Import traces:
  Client Component Browser:
    ./Documents/GitHub/maven/src/app/admin/page.tsx [Client Component Browser]
    ./Documents/GitHub/maven/src/app/admin/page.tsx [Server Component]

  Client Component SSR:
    ./Documents/GitHub/maven/src/app/admin/page.tsx [Client Component SSR]
    ./Documents/GitHub/maven/src/app/admin/page.tsx [Server Component]


./Documents/GitHub/maven/src/app/admin/settings/page.tsx:22:1
Export CardTitle doesn't exist in target module
  [90m20 |[0m ...[36mt[0m { [33mLabel[0m } [36mfrom[0m [32m"@/components/ui/label"[0m;
  [90m21 |[0m ...[36mt[0m { [33mTabs[0m, [33mTabsContent[0m, [33mTabsList[0m, [33mTabsTrigger[0m } 
[36mfrom[0m [32m"@/components/ui/tabs"[0m;
[31m[1m>[0m [90m22 |[0m ...[36mt[0m { [33mCard[0m, [33mCardContent[0m, [33mCardDescription[0m, 
[33mCardHeader[0m, [33mCardTitle[0m } [36mfrom[0m [32m"@/components/ui/c...[0m
  [90m   |[0m    
[31m[1m^^^^^^^^^^^^^^^^^^^^^^^^^^^^^^^^^^^^^^^^^^^^^^^^^^^^^^^^^^^^^^^^^^^^^^^^^^^^^^^^^^^^^^^^^^[0m
  [90m23 |[0m ...[36mt[0m { [33mCheckbox[0m } [36mfrom[0m [32m"@/components/ui/checkbox"[0m;
  [90m24 |[0m ...
  [90m25 |[0m ...[36mt[0m [36mdefault[0m [36mfunction[0m [33mSettingsPage[0m() {

The export CardTitle was not found in module [project]/Documents/GitHub/maven/src/components/ui/card.tsx [app-client] 
(ecmascript).
Did you mean to import Card?
All exports of the module are statically known (It doesn't have dynamic exports). So it's known statically that the 
requested export doesn't exist.

Import traces:
  Client Component Browser:
    ./Documents/GitHub/maven/src/app/admin/settings/page.tsx [Client Component Browser]
    ./Documents/GitHub/maven/src/app/admin/settings/page.tsx [Server Component]

  Client Component SSR:
    ./Documents/GitHub/maven/src/app/admin/settings/page.tsx [Client Component SSR]
    ./Documents/GitHub/maven/src/app/admin/settings/page.tsx [Server Component]


./Documents/GitHub/maven/src/app/admin/settings/page.tsx:22:1
Export CardTitle doesn't exist in target module
  [90m20 |[0m ...[36mt[0m { [33mLabel[0m } [36mfrom[0m [32m"@/components/ui/label"[0m;
  [90m21 |[0m ...[36mt[0m { [33mTabs[0m, [33mTabsContent[0m, [33mTabsList[0m, [33mTabsTrigger[0m } 
[36mfrom[0m [32m"@/components/ui/tabs"[0m;
[31m[1m>[0m [90m22 |[0m ...[36mt[0m { [33mCard[0m, [33mCardContent[0m, [33mCardDescription[0m, 
[33mCardHeader[0m, [33mCardTitle[0m } [36mfrom[0m [32m"@/components/ui/c...[0m
  [90m   |[0m    
[31m[1m^^^^^^^^^^^^^^^^^^^^^^^^^^^^^^^^^^^^^^^^^^^^^^^^^^^^^^^^^^^^^^^^^^^^^^^^^^^^^^^^^^^^^^^^^^[0m
  [90m23 |[0m ...[36mt[0m { [33mCheckbox[0m } [36mfrom[0m [32m"@/components/ui/checkbox"[0m;
  [90m24 |[0m ...
  [90m25 |[0m ...[36mt[0m [36mdefault[0m [36mfunction[0m [33mSettingsPage[0m() {

The export CardTitle was not found in module [project]/Documents/GitHub/maven/src/components/ui/card.tsx [app-ssr] 
(ecmascript).
Did you mean to import Card?
All exports of the module are statically known (It doesn't have dynamic exports). So it's known statically that the 
requested export doesn't exist.

Import traces:
  Client Component Browser:
    ./Documents/GitHub/maven/src/app/admin/settings/page.tsx [Client Component Browser]
    ./Documents/GitHub/maven/src/app/admin/settings/page.tsx [Server Component]

  Client Component SSR:
    ./Documents/GitHub/maven/src/app/admin/settings/page.tsx [Client Component SSR]
    ./Documents/GitHub/maven/src/app/admin/settings/page.tsx [Server Component]


./Documents/GitHub/maven/src/components/admin/SummaryCards.tsx:12:1
Export CardTitle doesn't exist in target module
  [90m10 |[0m   [33mDollarSign[0m 
  [90m11 |[0m } [36mfrom[0m [32m"lucide-react"[0m;
[31m[1m>[0m [90m12 |[0m [36mimport[0m { [33mCard[0m, [33mCardContent[0m, [33mCardHeader[0m, 
[33mCardTitle[0m } [36mfrom[0m [32m"@/components/ui/card"[0m;
  [90m   |[0m [31m[1m^^^^^^^^^^^^^^^^^^^^^^^^^^^^^^^^^^^^^^^^^^^^^^^^^^^^^^^^^^^^^^^^^^^^^^^^^^^^^^^^[0m
  [90m13 |[0m [36mimport[0m { cn } [36mfrom[0m [32m"@/lib/utils"[0m;
  [90m14 |[0m
  [90m15 |[0m [36mconst[0m stats = [

The export CardTitle was not found in module [project]/Documents/GitHub/maven/src/components/ui/card.tsx [app-client] 
(ecmascript).
Did you mean to import Card?
All exports of the module are statically known (It doesn't have dynamic exports). So it's known statically that the 
requested export doesn't exist.

Import traces:
  Client Component Browser:
    ./Documents/GitHub/maven/src/components/admin/SummaryCards.tsx [Client Component Browser]
    ./Documents/GitHub/maven/src/app/admin/page.tsx [Client Component Browser]
    ./Documents/GitHub/maven/src/app/admin/page.tsx [Server Component]

  Client Component SSR:
    ./Documents/GitHub/maven/src/components/admin/SummaryCards.tsx [Client Component SSR]
    ./Documents/GitHub/maven/src/app/admin/page.tsx [Client Component SSR]
    ./Documents/GitHub/maven/src/app/admin/page.tsx [Server Component]


./Documents/GitHub/maven/src/components/admin/SummaryCards.tsx:12:1
Export CardTitle doesn't exist in target module
  [90m10 |[0m   [33mDollarSign[0m 
  [90m11 |[0m } [36mfrom[0m [32m"lucide-react"[0m;
[31m[1m>[0m [90m12 |[0m [36mimport[0m { [33mCard[0m, [33mCardContent[0m, [33mCardHeader[0m, 
[33mCardTitle[0m } [36mfrom[0m [32m"@/components/ui/card"[0m;
  [90m   |[0m [31m[1m^^^^^^^^^^^^^^^^^^^^^^^^^^^^^^^^^^^^^^^^^^^^^^^^^^^^^^^^^^^^^^^^^^^^^^^^^^^^^^^^[0m
  [90m13 |[0m [36mimport[0m { cn } [36mfrom[0m [32m"@/lib/utils"[0m;
  [90m14 |[0m
  [90m15 |[0m [36mconst[0m stats = [

The export CardTitle was not found in module [project]/Documents/GitHub/maven/src/components/ui/card.tsx [app-ssr] 
(ecmascript).
Did you mean to import Card?
All exports of the module are statically known (It doesn't have dynamic exports). So it's known statically that the 
requested export doesn't exist.

Import traces:
  Client Component Browser:
    ./Documents/GitHub/maven/src/components/admin/SummaryCards.tsx [Client Component Browser]
    ./Documents/GitHub/maven/src/app/admin/page.tsx [Client Component Browser]
    ./Documents/GitHub/maven/src/app/admin/page.tsx [Server Component]

  Client Component SSR:
    ./Documents/GitHub/maven/src/components/admin/SummaryCards.tsx [Client Component SSR]
    ./Documents/GitHub/maven/src/app/admin/page.tsx [Client Component SSR]
    ./Documents/GitHub/maven/src/app/admin/page.tsx [Server Component]


    at <unknown> (./Documents/GitHub/maven/src/components/admin/ProjectForm.tsx:5:1)
    at <unknown> (https://nextjs.org/docs/messages/module-not-found)
    at <unknown> (./Documents/GitHub/maven/src/app/admin/page.tsx:24:1)
    at <unknown> (./Documents/GitHub/maven/src/app/admin/page.tsx:24:1)
    at <unknown> (./Documents/GitHub/maven/src/app/admin/settings/page.tsx:22:1)
    at <unknown> (./Documents/GitHub/maven/src/app/admin/settings/page.tsx:22:1)
    at <unknown> (./Documents/GitHub/maven/src/app/admin/page.tsx:24:1)
    at <unknown> (./Documents/GitHub/maven/src/app/admin/page.tsx:24:1)
    at <unknown> (./Documents/GitHub/maven/src/app/admin/settings/page.tsx:22:1)
    at <unknown> (./Documents/GitHub/maven/src/app/admin/settings/page.tsx:22:1)
    at <unknown> (./Documents/GitHub/maven/src/components/admin/SummaryCards.tsx:12:1)
    at <unknown> (./Documents/GitHub/maven/src/components/admin/SummaryCards.tsx:12:1)
    at <unknown> (./Documents/GitHub/maven/src/app/admin/page.tsx:24:1)
    at <unknown> (./Documents/GitHub/maven/src/app/admin/page.tsx:24:1)
    at <unknown> (./Documents/GitHub/maven/src/app/admin/settings/page.tsx:22:1)
    at <unknown> (./Documents/GitHub/maven/src/app/admin/settings/page.tsx:22:1)
    at <unknown> (./Documents/GitHub/maven/src/components/admin/SummaryCards.tsx:12:1)
    at <unknown> (./Documents/GitHub/maven/src/components/admin/SummaryCards.tsx:12:1)
